
     Program POST-PROC v.7.5 starts on  3Sep2026 at 10:46:27 

     This program is part of the open-source Quantum ESPRESSO suite
     for quantum simulation of materials; please cite
         "P. Giannozzi et al., J. Phys.:Condens. Matter 21 395502 (2009);
         "P. Giannozzi et al., J. Phys.:Condens. Matter 29 465901 (2017);
         "P. Giannozzi et al., J. Chem. Phys. 152 154105 (2020);
          URL http://www.quantum-espresso.org", 
     in publications or presentations arising from this work. More details at
     http://www.quantum-espresso.org/quote

     Parallel version (MPI & OpenMP), running on       8 processor cores
     Number of MPI processes:                 1
     Threads/MPI process:                     8

     MPI processes distributed on     1 nodes
     6970 MiB available memory on the printing compute node when the environment starts


     Reading xml data from directory:

     ./tmp/Si_Electronic.save/

     IMPORTANT: XC functional enforced from input :
     Exchange-correlation= PBE
                           (   1   4   3   4   0   0   0)
     Any further DFT definition will be discarded
     Please, verify this is what you really want


     G-vector sticks info
     --------------------
     sticks:   dense  smooth     PW     G-vecs:    dense   smooth      PW
     Sum         955     955    295                19579    19579    3287

     Using Slab Decomposition


     Calling punch_plot, plot_num =   0
     Writing data to file  charge_density
     Reading data from file  charge_density

     Writing data to be plotted to file charge_density.cube
     Plot Type: 3D                     Output format: Gaussian cube

     POST-PROC    :      2.42s CPU      1.13s WALL


   This run was terminated on:  10:46:28   3Sep2026            

=------------------------------------------------------------------------------=
   JOB DONE.
=------------------------------------------------------------------------------=
